
> builangle@0.1.0 build
> next build

node.exe : ΓÜá Warning: Next.js inferred your workspace root, but it may not be correct.
At line:1 char:1
+ & "C:\Program Files\nodejs/node.exe" "C:\Program Files\nodejs/node_mo ...
+ ~~~~~~~~~~~~~~~~~~~~~~~~~~~~~~~~~~~~~~~~~~~~~~~~~~~~~~~~~~~~~~~~~~~~~
    + CategoryInfo          : NotSpecified: (ΓÜá Warning: Ne...not be correct.:String) [], RemoteException
    + FullyQualifiedErrorId : NativeCommandError
 
 We detected multiple lockfiles and selected the directory of C:\Users\user\package-lock.json as the root directory.
 To silence this warning, set `turbopack.root` in your Next.js config, or consider removing one of the lockfiles if 
it's not needed.
   See https://nextjs.org/docs/app/api-reference/config/next-config-js/turbopack#root-directory for more information.
 Detected additional lockfiles: 
   * C:\Users\user\OneDrive\Desktop\projects\builangle\package-lock.json

Γû▓ Next.js 16.2.4 (Turbopack)
- Environments: .env.local

  Creating an optimized production build ...

> Build error occurred
Error: Turbopack build failed with 7 errors:
./OneDrive/Desktop/projects/builangle/src/app/about/page.tsx:6:1
Export Instagram doesn't exist in target module
  [90m4 |[0m ...[36mfrom[0m [32m'next/image'[0m;
  [90m5 |[0m ...[36mrom[0m [32m'next/link'[0m;
[31m[1m>[0m [90m6 |[0m ...[33magram[0m, [33mLinkedin[0m, [33mStar[0m, [33mChevronRight[0m, 
[33mAward[0m, [33mMapPin[0m, [33mCalendar[0m, [33mClock[0m, [33mArrowRight[0m } [36mfrom[0m [32m'...[0m
  [90m  |[0m    
[31m[1m^^^^^^^^^^^^^^^^^^^^^^^^^^^^^^^^^^^^^^^^^^^^^^^^^^^^^^^^^^^^^^^^^^^^^^^^^^^^^^^^^^^^^^^^^^^[0m
  [90m7 |[0m ...[33mner[0m [36mfrom[0m [32m'@/components/common/Container'[0m;
  [90m8 |[0m ...
  [90m9 |[0m ...[

The export Instagram was not found in module 
[project]/OneDrive/Desktop/projects/builangle/node_modules/lucide-react/dist/esm/lucide-react.js [app-client] 
(ecmascript).
Did you mean to import Star?
All exports of the module are statically known (It doesn't have dynamic exports). So it's known statically that the 
requested export doesn't exist.

Import traces:
  Client Component Browser:
    ./OneDrive/Desktop/projects/builangle/src/app/about/page.tsx [Client Component Browser]
    ./OneDrive/Desktop/projects/builangle/src/app/about/page.tsx [Server Component]

  Client Component SSR:
    ./OneDrive/Desktop/projects/builangle/src/app/about/page.tsx [Client Component SSR]
    ./OneDrive/Desktop/projects/builangle/src/app/about/page.tsx [Server Component]


./OneDrive/Desktop/projects/builangle/src/app/about/page.tsx:6:1
Export Instagram doesn't exist in target module
  [90m4 |[0m ...[36mfrom[0m [32m'next/image'[0m;
  [90m5 |[0m ...[36mrom[0m [32m'next/link'[0m;
[31m[1m>[0m [90m6 |[0m ...[33magram[0m, [33mLinkedin[0m, [33mStar[0m, [33mChevronRight[0m, 
[33mAward[0m, [33mMapPin[0m, [33mCalendar[0m, [33mClock[0m, [33mArrowRight[0m } [36mfrom[0m [32m'...[0m
  [90m  |[0m    
[31m[1m^^^^^^^^^^^^^^^^^^^^^^^^^^^^^^^^^^^^^^^^^^^^^^^^^^^^^^^^^^^^^^^^^^^^^^^^^^^^^^^^^^^^^^^^^^^[0m
  [90m7 |[0m ...[33mner[0m [36mfrom[0m [32m'@/components/common/Container'[0m;
  [90m8 |[0m ...
  [90m9 |[0m ...[

The export Instagram was not found in module 
[project]/OneDrive/Desktop/projects/builangle/node_modules/lucide-react/dist/esm/lucide-react.js [app-ssr] 
(ecmascript).
Did you mean to import Star?
All exports of the module are statically known (It doesn't have dynamic exports). So it's known statically that the 
requested export doesn't exist.

Import traces:
  Client Component Browser:
    ./OneDrive/Desktop/projects/builangle/src/app/about/page.tsx [Client Component Browser]
    ./OneDrive/Desktop/projects/builangle/src/app/about/page.tsx [Server Component]

  Client Component SSR:
    ./OneDrive/Desktop/projects/builangle/src/app/about/page.tsx [Client Component SSR]
    ./OneDrive/Desktop/projects/builangle/src/app/about/page.tsx [Server Component]


./OneDrive/Desktop/projects/builangle/src/components/Footer.tsx:2:1
Export Instagram doesn't exist in target module
  [90m1 |[0m ... [36mfrom[0m [32m'next/link'[0m;
[31m[1m>[0m [90m2 |[0m ...[33mstagram[0m, [33mLinkedin[0m, [33mYoutube[0m, [33mMessageCircle[0m, 
[33mMapPin[0m, [33mPhone[0m, [33mMail[0m, [33mArrowUpRight[0m } [36mfrom[0m [32m'luc...[0m
  [90m  |[0m    
[31m[1m^^^^^^^^^^^^^^^^^^^^^^^^^^^^^^^^^^^^^^^^^^^^^^^^^^^^^^^^^^^^^^^^^^^^^^^^^^^^^^^^^^^^^^^^^^^[0m
  [90m3 |[0m ...[33mainer[0m [36mfrom[0m [32m'./common/Container'[0m;
  [90m4 |[0m ...
  [90m5 |[0m ... = {

The export Instagram was not found in module 
[project]/OneDrive/Desktop/projects/builangle/node_modules/lucide-react/dist/esm/lucide-react.js [app-rsc] 
(ecmascript).
Did you mean to import Star?
All exports of the module are statically known (It doesn't have dynamic exports). So it's known statically that the 
requested export doesn't exist.

Import trace:
  Server Component:
    ./OneDrive/Desktop/projects/builangle/src/components/Footer.tsx
    ./OneDrive/Desktop/projects/builangle/src/app/layout.tsx


./OneDrive/Desktop/projects/builangle/src/app/about/page.tsx:6:1
Export Linkedin doesn't exist in target module
  [90m4 |[0m ...[36mfrom[0m [32m'next/image'[0m;
  [90m5 |[0m ...[36mrom[0m [32m'next/link'[0m;
[31m[1m>[0m [90m6 |[0m ...[33magram[0m, [33mLinkedin[0m, [33mStar[0m, [33mChevronRight[0m, 
[33mAward[0m, [33mMapPin[0m, [33mCalendar[0m, [33mClock[0m, [33mArrowRight[0m } [36mfrom[0m [32m'...[0m
  [90m  |[0m    
[31m[1m^^^^^^^^^^^^^^^^^^^^^^^^^^^^^^^^^^^^^^^^^^^^^^^^^^^^^^^^^^^^^^^^^^^^^^^^^^^^^^^^^^^^^^^^^^^[0m
  [90m7 |[0m ...[33mner[0m [36mfrom[0m [32m'@/components/common/Container'[0m;
  [90m8 |[0m ...
  [90m9 |[0m ...[

The export Linkedin was not found in module 
[project]/OneDrive/Desktop/projects/builangle/node_modules/lucide-react/dist/esm/lucide-react.js [app-client] 
(ecmascript).
Did you mean to import Link?
All exports of the module are statically known (It doesn't have dynamic exports). So it's known statically that the 
requested export doesn't exist.

Import traces:
  Client Component Browser:
    ./OneDrive/Desktop/projects/builangle/src/app/about/page.tsx [Client Component Browser]
    ./OneDrive/Desktop/projects/builangle/src/app/about/page.tsx [Server Component]

  Client Component SSR:
    ./OneDrive/Desktop/projects/builangle/src/app/about/page.tsx [Client Component SSR]
    ./OneDrive/Desktop/projects/builangle/src/app/about/page.tsx [Server Component]


./OneDrive/Desktop/projects/builangle/src/app/about/page.tsx:6:1
Export Linkedin doesn't exist in target module
  [90m4 |[0m ...[36mfrom[0m [32m'next/image'[0m;
  [90m5 |[0m ...[36mrom[0m [32m'next/link'[0m;
[31m[1m>[0m [90m6 |[0m ...[33magram[0m, [33mLinkedin[0m, [33mStar[0m, [33mChevronRight[0m, 
[33mAward[0m, [33mMapPin[0m, [33mCalendar[0m, [33mClock[0m, [33mArrowRight[0m } [36mfrom[0m [32m'...[0m
  [90m  |[0m    
[31m[1m^^^^^^^^^^^^^^^^^^^^^^^^^^^^^^^^^^^^^^^^^^^^^^^^^^^^^^^^^^^^^^^^^^^^^^^^^^^^^^^^^^^^^^^^^^^[0m
  [90m7 |[0m ...[33mner[0m [36mfrom[0m [32m'@/components/common/Container'[0m;
  [90m8 |[0m ...
  [90m9 |[0m ...[

The export Linkedin was not found in module 
[project]/OneDrive/Desktop/projects/builangle/node_modules/lucide-react/dist/esm/lucide-react.js [app-ssr] 
(ecmascript).
Did you mean to import Link?
All exports of the module are statically known (It doesn't have dynamic exports). So it's known statically that the 
requested export doesn't exist.

Import traces:
  Client Component Browser:
    ./OneDrive/Desktop/projects/builangle/src/app/about/page.tsx [Client Component Browser]
    ./OneDrive/Desktop/projects/builangle/src/app/about/page.tsx [Server Component]

  Client Component SSR:
    ./OneDrive/Desktop/projects/builangle/src/app/about/page.tsx [Client Component SSR]
    ./OneDrive/Desktop/projects/builangle/src/app/about/page.tsx [Server Component]


./OneDrive/Desktop/projects/builangle/src/components/Footer.tsx:2:1
Export Linkedin doesn't exist in target module
  [90m1 |[0m ... [36mfrom[0m [32m'next/link'[0m;
[31m[1m>[0m [90m2 |[0m ...[33mstagram[0m, [33mLinkedin[0m, [33mYoutube[0m, [33mMessageCircle[0m, 
[33mMapPin[0m, [33mPhone[0m, [33mMail[0m, [33mArrowUpRight[0m } [36mfrom[0m [32m'luc...[0m
  [90m  |[0m    
[31m[1m^^^^^^^^^^^^^^^^^^^^^^^^^^^^^^^^^^^^^^^^^^^^^^^^^^^^^^^^^^^^^^^^^^^^^^^^^^^^^^^^^^^^^^^^^^^[0m
  [90m3 |[0m ...[33mainer[0m [36mfrom[0m [32m'./common/Container'[0m;
  [90m4 |[0m ...
  [90m5 |[0m ... = {

The export Linkedin was not found in module 
[project]/OneDrive/Desktop/projects/builangle/node_modules/lucide-react/dist/esm/lucide-react.js [app-rsc] 
(ecmascript).
Did you mean to import Link?
All exports of the module are statically known (It doesn't have dynamic exports). So it's known statically that the 
requested export doesn't exist.

Import trace:
  Server Component:
    ./OneDrive/Desktop/projects/builangle/src/components/Footer.tsx
    ./OneDrive/Desktop/projects/builangle/src/app/layout.tsx


./OneDrive/Desktop/projects/builangle/src/components/Footer.tsx:2:1
Export Youtube doesn't exist in target module
  [90m1 |[0m ... [36mfrom[0m [32m'next/link'[0m;
[31m[1m>[0m [90m2 |[0m ...[33mstagram[0m, [33mLinkedin[0m, [33mYoutube[0m, [33mMessageCircle[0m, 
[33mMapPin[0m, [33mPhone[0m, [33mMail[0m, [33mArrowUpRight[0m } [36mfrom[0m [32m'luc...[0m
  [90m  |[0m    
[31m[1m^^^^^^^^^^^^^^^^^^^^^^^^^^^^^^^^^^^^^^^^^^^^^^^^^^^^^^^^^^^^^^^^^^^^^^^^^^^^^^^^^^^^^^^^^^^[0m
  [90m3 |[0m ...[33mainer[0m [36mfrom[0m [32m'./common/Container'[0m;
  [90m4 |[0m ...
  [90m5 |[0m ... = {

The export Youtube was not found in module 
[project]/OneDrive/Desktop/projects/builangle/node_modules/lucide-react/dist/esm/lucide-react.js [app-rsc] 
(ecmascript).
Did you mean to import Route?
All exports of the module are statically known (It doesn't have dynamic exports). So it's known statically that the 
requested export doesn't exist.

Import trace:
  Server Component:
    ./OneDrive/Desktop/projects/builangle/src/components/Footer.tsx
    ./OneDrive/Desktop/projects/builangle/src/app/layout.tsx


    at <unknown> (./OneDrive/Desktop/projects/builangle/src/app/about/page.tsx:6:1)
    at <unknown> (./OneDrive/Desktop/projects/builangle/src/app/about/page.tsx:6:1)
    at <unknown> (./OneDrive/Desktop/projects/builangle/src/components/Footer.tsx:2:1)
    at <unknown> (./OneDrive/Desktop/projects/builangle/src/app/about/page.tsx:6:1)
    at <unknown> (./OneDrive/Desktop/projects/builangle/src/app/about/page.tsx:6:1)
    at <unknown> (./OneDrive/Desktop/projects/builangle/src/components/Footer.tsx:2:1)
    at <unknown> (./OneDrive/Desktop/projects/builangle/src/components/Footer.tsx:2:1)
